Classic Timing Analyzer report for ins_decode
Sat Nov 23 21:54:42 2024
Quartus II Version 9.0 Build 184 04/29/2009 Service Pack 1 SJ Web Edition


---------------------
; Table of Contents ;
---------------------
  1. Legal Notice
  2. Timing Analyzer Summary
  3. Timing Analyzer Settings
  4. Parallel Compilation
  5. tpd
  6. Timing Analyzer Messages



----------------
; Legal Notice ;
----------------
Copyright (C) 1991-2009 Altera Corporation
Your use of Altera Corporation's design tools, logic functions 
and other software and tools, and its AMPP partner logic 
functions, and any output files from any of the foregoing 
(including device programming or simulation files), and any 
associated documentation or information are expressly subject 
to the terms and conditions of the Altera Program License 
Subscription Agreement, Altera MegaCore Function License 
Agreement, or other applicable license agreement, including, 
without limitation, that your use is for the sole purpose of 
programming logic devices manufactured by Altera and sold by 
Altera or its authorized distributors.  Please refer to the 
applicable agreement for further details.



+--------------------------------------------------------------------------------------------------------------------------+
; Timing Analyzer Summary                                                                                                  ;
+------------------------------+-------+---------------+-------------+-------+------+------------+----------+--------------+
; Type                         ; Slack ; Required Time ; Actual Time ; From  ; To   ; From Clock ; To Clock ; Failed Paths ;
+------------------------------+-------+---------------+-------------+-------+------+------------+----------+--------------+
; Worst-case tpd               ; N/A   ; None          ; 15.757 ns   ; ir[2] ; movb ; --         ; --       ; 0            ;
; Total number of failed paths ;       ;               ;             ;       ;      ;            ;          ; 0            ;
+------------------------------+-------+---------------+-------------+-------+------+------------+----------+--------------+


+--------------------------------------------------------------------------------------------------------------------+
; Timing Analyzer Settings                                                                                           ;
+---------------------------------------------------------------------+--------------------+------+----+-------------+
; Option                                                              ; Setting            ; From ; To ; Entity Name ;
+---------------------------------------------------------------------+--------------------+------+----+-------------+
; Device Name                                                         ; EP2C5T144C8        ;      ;    ;             ;
; Timing Models                                                       ; Final              ;      ;    ;             ;
; Default hold multicycle                                             ; Same as Multicycle ;      ;    ;             ;
; Cut paths between unrelated clock domains                           ; On                 ;      ;    ;             ;
; Cut off read during write signal paths                              ; On                 ;      ;    ;             ;
; Cut off feedback from I/O pins                                      ; On                 ;      ;    ;             ;
; Report Combined Fast/Slow Timing                                    ; Off                ;      ;    ;             ;
; Ignore Clock Settings                                               ; Off                ;      ;    ;             ;
; Analyze latches as synchronous elements                             ; On                 ;      ;    ;             ;
; Enable Recovery/Removal analysis                                    ; Off                ;      ;    ;             ;
; Enable Clock Latency                                                ; Off                ;      ;    ;             ;
; Use TimeQuest Timing Analyzer                                       ; Off                ;      ;    ;             ;
; Minimum Core Junction Temperature                                   ; 0                  ;      ;    ;             ;
; Maximum Core Junction Temperature                                   ; 85                 ;      ;    ;             ;
; Number of source nodes to report per destination node               ; 10                 ;      ;    ;             ;
; Number of destination nodes to report                               ; 10                 ;      ;    ;             ;
; Number of paths to report                                           ; 200                ;      ;    ;             ;
; Report Minimum Timing Checks                                        ; Off                ;      ;    ;             ;
; Use Fast Timing Models                                              ; Off                ;      ;    ;             ;
; Report IO Paths Separately                                          ; Off                ;      ;    ;             ;
; Perform Multicorner Analysis                                        ; On                 ;      ;    ;             ;
; Reports the worst-case path for each clock domain and analysis      ; Off                ;      ;    ;             ;
; Removes common clock path pessimism (CCPP) during slack computation ; Off                ;      ;    ;             ;
; Output I/O Timing Endpoint                                          ; Near End           ;      ;    ;             ;
+---------------------------------------------------------------------+--------------------+------+----+-------------+


Parallel compilation was disabled, but you have multiple processors available. Enable parallel compilation to reduce compilation time.
+-------------------------------------+
; Parallel Compilation                ;
+----------------------------+--------+
; Processors                 ; Number ;
+----------------------------+--------+
; Number detected on machine ; 24     ;
; Maximum allowed            ; 1      ;
+----------------------------+--------+


+------------------------------------------------------------+
; tpd                                                        ;
+-------+-------------------+-----------------+-------+------+
; Slack ; Required P2P Time ; Actual P2P Time ; From  ; To   ;
+-------+-------------------+-----------------+-------+------+
; N/A   ; None              ; 15.757 ns       ; ir[2] ; movb ;
; N/A   ; None              ; 15.603 ns       ; ir[3] ; movb ;
; N/A   ; None              ; 15.434 ns       ; ir[0] ; movb ;
; N/A   ; None              ; 15.279 ns       ; ir[1] ; movb ;
; N/A   ; None              ; 14.977 ns       ; ir[3] ; add  ;
; N/A   ; None              ; 14.948 ns       ; ir[2] ; add  ;
; N/A   ; None              ; 14.916 ns       ; ir[3] ; sub  ;
; N/A   ; None              ; 14.884 ns       ; ir[2] ; sub  ;
; N/A   ; None              ; 14.815 ns       ; ir[2] ; mova ;
; N/A   ; None              ; 14.738 ns       ; ir[0] ; add  ;
; N/A   ; None              ; 14.676 ns       ; ir[0] ; sub  ;
; N/A   ; None              ; 14.660 ns       ; ir[3] ; mova ;
; N/A   ; None              ; 14.638 ns       ; ir[3] ; jmp  ;
; N/A   ; None              ; 14.623 ns       ; ir[2] ; jmp  ;
; N/A   ; None              ; 14.613 ns       ; ir[2] ; in1  ;
; N/A   ; None              ; 14.587 ns       ; ir[1] ; add  ;
; N/A   ; None              ; 14.525 ns       ; ir[3] ; in1  ;
; N/A   ; None              ; 14.521 ns       ; ir[1] ; sub  ;
; N/A   ; None              ; 14.497 ns       ; ir[0] ; mova ;
; N/A   ; None              ; 14.475 ns       ; en    ; halt ;
; N/A   ; None              ; 14.441 ns       ; ir[0] ; jmp  ;
; N/A   ; None              ; 14.397 ns       ; ir[2] ; movi ;
; N/A   ; None              ; 14.342 ns       ; ir[1] ; mova ;
; N/A   ; None              ; 14.303 ns       ; ir[1] ; jmp  ;
; N/A   ; None              ; 14.302 ns       ; ir[3] ; movi ;
; N/A   ; None              ; 14.289 ns       ; ir[2] ; movd ;
; N/A   ; None              ; 14.286 ns       ; ir[0] ; in1  ;
; N/A   ; None              ; 14.239 ns       ; ir[3] ; halt ;
; N/A   ; None              ; 14.144 ns       ; ir[1] ; in1  ;
; N/A   ; None              ; 14.132 ns       ; ir[3] ; movd ;
; N/A   ; None              ; 14.112 ns       ; ir[0] ; movi ;
; N/A   ; None              ; 14.002 ns       ; ir[0] ; movd ;
; N/A   ; None              ; 13.974 ns       ; ir[1] ; movi ;
; N/A   ; None              ; 13.857 ns       ; ir[2] ; out1 ;
; N/A   ; None              ; 13.850 ns       ; ir[1] ; movd ;
; N/A   ; None              ; 13.776 ns       ; ir[3] ; out1 ;
; N/A   ; None              ; 13.607 ns       ; ir[3] ; jg   ;
; N/A   ; None              ; 13.596 ns       ; ir[2] ; jg   ;
; N/A   ; None              ; 13.577 ns       ; ir[2] ; halt ;
; N/A   ; None              ; 13.528 ns       ; ir[0] ; out1 ;
; N/A   ; None              ; 13.484 ns       ; ir[2] ; movc ;
; N/A   ; None              ; 13.416 ns       ; ir[0] ; jg   ;
; N/A   ; None              ; 13.381 ns       ; ir[1] ; out1 ;
; N/A   ; None              ; 13.318 ns       ; ir[3] ; movc ;
; N/A   ; None              ; 13.291 ns       ; ir[0] ; halt ;
; N/A   ; None              ; 13.278 ns       ; ir[1] ; jg   ;
; N/A   ; None              ; 13.197 ns       ; ir[0] ; movc ;
; N/A   ; None              ; 13.140 ns       ; ir[1] ; halt ;
; N/A   ; None              ; 13.059 ns       ; ir[1] ; movc ;
; N/A   ; None              ; 12.993 ns       ; en    ; movb ;
; N/A   ; None              ; 12.471 ns       ; en    ; out1 ;
; N/A   ; None              ; 12.365 ns       ; en    ; jg   ;
; N/A   ; None              ; 12.306 ns       ; en    ; add  ;
; N/A   ; None              ; 12.244 ns       ; en    ; sub  ;
; N/A   ; None              ; 12.098 ns       ; en    ; movc ;
; N/A   ; None              ; 12.070 ns       ; en    ; mova ;
; N/A   ; None              ; 12.068 ns       ; en    ; in1  ;
; N/A   ; None              ; 12.004 ns       ; en    ; jmp  ;
; N/A   ; None              ; 11.571 ns       ; en    ; movi ;
; N/A   ; None              ; 11.570 ns       ; en    ; movd ;
+-------+-------------------+-----------------+-------+------+


+--------------------------+
; Timing Analyzer Messages ;
+--------------------------+
Info: *******************************************************************
Info: Running Quartus II Classic Timing Analyzer
    Info: Version 9.0 Build 184 04/29/2009 Service Pack 1 SJ Web Edition
    Info: Processing started: Sat Nov 23 21:54:41 2024
Info: Command: quartus_tan --read_settings_files=off --write_settings_files=off ins_decode -c ins_decode --timing_analysis_only
Info: Longest tpd from source pin "ir[2]" to destination pin "movb" is 15.757 ns
    Info: 1: + IC(0.000 ns) + CELL(0.945 ns) = 0.945 ns; Loc. = PIN_79; Fanout = 12; PIN Node = 'ir[2]'
    Info: 2: + IC(6.406 ns) + CELL(0.651 ns) = 8.002 ns; Loc. = LCCOMB_X12_Y5_N18; Fanout = 1; COMB Node = 'Equal4~1'
    Info: 3: + IC(1.726 ns) + CELL(0.589 ns) = 10.317 ns; Loc. = LCCOMB_X3_Y5_N10; Fanout = 1; COMB Node = 'status~79'
    Info: 4: + IC(2.384 ns) + CELL(3.056 ns) = 15.757 ns; Loc. = PIN_94; Fanout = 0; PIN Node = 'movb'
    Info: Total cell delay = 5.241 ns ( 33.26 % )
    Info: Total interconnect delay = 10.516 ns ( 66.74 % )
Info: Quartus II Classic Timing Analyzer was successful. 0 errors, 0 warnings
    Info: Peak virtual memory: 195 megabytes
    Info: Processing ended: Sat Nov 23 21:54:45 2024
    Info: Elapsed time: 00:00:04
    Info: Total CPU time (on all processors): 00:00:00


