Classic Timing Analyzer report for au
Sat Nov 23 21:51:23 2024
Quartus II Version 9.0 Build 184 04/29/2009 Service Pack 1 SJ Web Edition


---------------------
; Table of Contents ;
---------------------
  1. Legal Notice
  2. Timing Analyzer Summary
  3. Timing Analyzer Settings
  4. Parallel Compilation
  5. tpd
  6. Timing Analyzer Messages



----------------
; Legal Notice ;
----------------
Copyright (C) 1991-2009 Altera Corporation
Your use of Altera Corporation's design tools, logic functions 
and other software and tools, and its AMPP partner logic 
functions, and any output files from any of the foregoing 
(including device programming or simulation files), and any 
associated documentation or information are expressly subject 
to the terms and conditions of the Altera Program License 
Subscription Agreement, Altera MegaCore Function License 
Agreement, or other applicable license agreement, including, 
without limitation, that your use is for the sole purpose of 
programming logic devices manufactured by Altera and sold by 
Altera or its authorized distributors.  Please refer to the 
applicable agreement for further details.



+--------------------------------------------------------------------------------------------------------------------------+
; Timing Analyzer Summary                                                                                                  ;
+------------------------------+-------+---------------+-------------+-------+------+------------+----------+--------------+
; Type                         ; Slack ; Required Time ; Actual Time ; From  ; To   ; From Clock ; To Clock ; Failed Paths ;
+------------------------------+-------+---------------+-------------+-------+------+------------+----------+--------------+
; Worst-case tpd               ; N/A   ; None          ; 14.481 ns   ; ac[0] ; t[7] ; --         ; --       ; 0            ;
; Total number of failed paths ;       ;               ;             ;       ;      ;            ;          ; 0            ;
+------------------------------+-------+---------------+-------------+-------+------+------------+----------+--------------+


+--------------------------------------------------------------------------------------------------------------------+
; Timing Analyzer Settings                                                                                           ;
+---------------------------------------------------------------------+--------------------+------+----+-------------+
; Option                                                              ; Setting            ; From ; To ; Entity Name ;
+---------------------------------------------------------------------+--------------------+------+----+-------------+
; Device Name                                                         ; EP2C5T144C6        ;      ;    ;             ;
; Timing Models                                                       ; Final              ;      ;    ;             ;
; Default hold multicycle                                             ; Same as Multicycle ;      ;    ;             ;
; Cut paths between unrelated clock domains                           ; On                 ;      ;    ;             ;
; Cut off read during write signal paths                              ; On                 ;      ;    ;             ;
; Cut off feedback from I/O pins                                      ; On                 ;      ;    ;             ;
; Report Combined Fast/Slow Timing                                    ; Off                ;      ;    ;             ;
; Ignore Clock Settings                                               ; Off                ;      ;    ;             ;
; Analyze latches as synchronous elements                             ; On                 ;      ;    ;             ;
; Enable Recovery/Removal analysis                                    ; Off                ;      ;    ;             ;
; Enable Clock Latency                                                ; Off                ;      ;    ;             ;
; Use TimeQuest Timing Analyzer                                       ; Off                ;      ;    ;             ;
; Number of source nodes to report per destination node               ; 10                 ;      ;    ;             ;
; Number of destination nodes to report                               ; 10                 ;      ;    ;             ;
; Number of paths to report                                           ; 200                ;      ;    ;             ;
; Report Minimum Timing Checks                                        ; Off                ;      ;    ;             ;
; Use Fast Timing Models                                              ; Off                ;      ;    ;             ;
; Report IO Paths Separately                                          ; Off                ;      ;    ;             ;
; Perform Multicorner Analysis                                        ; On                 ;      ;    ;             ;
; Reports the worst-case path for each clock domain and analysis      ; Off                ;      ;    ;             ;
; Removes common clock path pessimism (CCPP) during slack computation ; Off                ;      ;    ;             ;
; Output I/O Timing Endpoint                                          ; Near End           ;      ;    ;             ;
+---------------------------------------------------------------------+--------------------+------+----+-------------+


Parallel compilation was disabled, but you have multiple processors available. Enable parallel compilation to reduce compilation time.
+-------------------------------------+
; Parallel Compilation                ;
+----------------------------+--------+
; Processors                 ; Number ;
+----------------------------+--------+
; Number detected on machine ; 24     ;
; Maximum allowed            ; 1      ;
+----------------------------+--------+


+------------------------------------------------------------+
; tpd                                                        ;
+-------+-------------------+-----------------+-------+------+
; Slack ; Required P2P Time ; Actual P2P Time ; From  ; To   ;
+-------+-------------------+-----------------+-------+------+
; N/A   ; None              ; 14.481 ns       ; ac[0] ; t[7] ;
; N/A   ; None              ; 14.332 ns       ; ac[3] ; t[7] ;
; N/A   ; None              ; 14.214 ns       ; ac[1] ; t[7] ;
; N/A   ; None              ; 14.145 ns       ; ac[2] ; t[7] ;
; N/A   ; None              ; 13.746 ns       ; ac[0] ; t[6] ;
; N/A   ; None              ; 13.653 ns       ; ac[0] ; t[4] ;
; N/A   ; None              ; 13.597 ns       ; ac[3] ; t[6] ;
; N/A   ; None              ; 13.579 ns       ; a[0]  ; t[7] ;
; N/A   ; None              ; 13.516 ns       ; b[0]  ; t[7] ;
; N/A   ; None              ; 13.504 ns       ; ac[3] ; t[4] ;
; N/A   ; None              ; 13.479 ns       ; ac[1] ; t[6] ;
; N/A   ; None              ; 13.454 ns       ; a[5]  ; t[7] ;
; N/A   ; None              ; 13.410 ns       ; ac[2] ; t[6] ;
; N/A   ; None              ; 13.386 ns       ; ac[1] ; t[4] ;
; N/A   ; None              ; 13.367 ns       ; a[3]  ; t[7] ;
; N/A   ; None              ; 13.353 ns       ; ac[0] ; t[5] ;
; N/A   ; None              ; 13.317 ns       ; ac[2] ; t[4] ;
; N/A   ; None              ; 13.267 ns       ; a[6]  ; t[7] ;
; N/A   ; None              ; 13.265 ns       ; a[2]  ; t[7] ;
; N/A   ; None              ; 13.238 ns       ; a[1]  ; t[7] ;
; N/A   ; None              ; 13.204 ns       ; ac[3] ; t[5] ;
; N/A   ; None              ; 13.086 ns       ; ac[1] ; t[5] ;
; N/A   ; None              ; 13.074 ns       ; ac[0] ; t[3] ;
; N/A   ; None              ; 13.017 ns       ; ac[2] ; t[5] ;
; N/A   ; None              ; 13.006 ns       ; a[7]  ; t[7] ;
; N/A   ; None              ; 12.990 ns       ; b[4]  ; t[7] ;
; N/A   ; None              ; 12.973 ns       ; a[4]  ; t[7] ;
; N/A   ; None              ; 12.958 ns       ; b[5]  ; t[7] ;
; N/A   ; None              ; 12.926 ns       ; b[1]  ; t[7] ;
; N/A   ; None              ; 12.925 ns       ; ac[3] ; t[3] ;
; N/A   ; None              ; 12.920 ns       ; ac[0] ; t[2] ;
; N/A   ; None              ; 12.862 ns       ; b[2]  ; t[7] ;
; N/A   ; None              ; 12.844 ns       ; a[0]  ; t[6] ;
; N/A   ; None              ; 12.813 ns       ; ac[0] ; t[0] ;
; N/A   ; None              ; 12.807 ns       ; ac[1] ; t[3] ;
; N/A   ; None              ; 12.805 ns       ; b[3]  ; t[7] ;
; N/A   ; None              ; 12.781 ns       ; b[0]  ; t[6] ;
; N/A   ; None              ; 12.771 ns       ; ac[3] ; t[2] ;
; N/A   ; None              ; 12.751 ns       ; a[0]  ; t[4] ;
; N/A   ; None              ; 12.738 ns       ; ac[2] ; t[3] ;
; N/A   ; None              ; 12.719 ns       ; a[5]  ; t[6] ;
; N/A   ; None              ; 12.713 ns       ; ac[0] ; t[1] ;
; N/A   ; None              ; 12.688 ns       ; b[0]  ; t[4] ;
; N/A   ; None              ; 12.664 ns       ; ac[3] ; t[0] ;
; N/A   ; None              ; 12.653 ns       ; ac[1] ; t[2] ;
; N/A   ; None              ; 12.632 ns       ; a[3]  ; t[6] ;
; N/A   ; None              ; 12.584 ns       ; ac[2] ; t[2] ;
; N/A   ; None              ; 12.564 ns       ; ac[3] ; t[1] ;
; N/A   ; None              ; 12.546 ns       ; ac[1] ; t[0] ;
; N/A   ; None              ; 12.539 ns       ; a[3]  ; t[4] ;
; N/A   ; None              ; 12.530 ns       ; a[2]  ; t[6] ;
; N/A   ; None              ; 12.503 ns       ; a[1]  ; t[6] ;
; N/A   ; None              ; 12.477 ns       ; ac[2] ; t[0] ;
; N/A   ; None              ; 12.467 ns       ; b[7]  ; t[7] ;
; N/A   ; None              ; 12.451 ns       ; a[0]  ; t[5] ;
; N/A   ; None              ; 12.446 ns       ; ac[1] ; t[1] ;
; N/A   ; None              ; 12.437 ns       ; a[2]  ; t[4] ;
; N/A   ; None              ; 12.410 ns       ; a[1]  ; t[4] ;
; N/A   ; None              ; 12.388 ns       ; b[0]  ; t[5] ;
; N/A   ; None              ; 12.377 ns       ; ac[2] ; t[1] ;
; N/A   ; None              ; 12.318 ns       ; b[6]  ; t[7] ;
; N/A   ; None              ; 12.255 ns       ; b[4]  ; t[6] ;
; N/A   ; None              ; 12.239 ns       ; a[3]  ; t[5] ;
; N/A   ; None              ; 12.238 ns       ; a[4]  ; t[6] ;
; N/A   ; None              ; 12.223 ns       ; b[5]  ; t[6] ;
; N/A   ; None              ; 12.217 ns       ; a[6]  ; t[6] ;
; N/A   ; None              ; 12.191 ns       ; b[1]  ; t[6] ;
; N/A   ; None              ; 12.172 ns       ; a[0]  ; t[3] ;
; N/A   ; None              ; 12.137 ns       ; a[2]  ; t[5] ;
; N/A   ; None              ; 12.127 ns       ; b[2]  ; t[6] ;
; N/A   ; None              ; 12.110 ns       ; a[1]  ; t[5] ;
; N/A   ; None              ; 12.109 ns       ; b[0]  ; t[3] ;
; N/A   ; None              ; 12.098 ns       ; b[1]  ; t[4] ;
; N/A   ; None              ; 12.072 ns       ; a[0]  ; t[0] ;
; N/A   ; None              ; 12.070 ns       ; b[3]  ; t[6] ;
; N/A   ; None              ; 12.034 ns       ; b[2]  ; t[4] ;
; N/A   ; None              ; 12.027 ns       ; a[0]  ; t[1] ;
; N/A   ; None              ; 12.018 ns       ; a[0]  ; t[2] ;
; N/A   ; None              ; 12.014 ns       ; a[5]  ; t[5] ;
; N/A   ; None              ; 12.004 ns       ; b[0]  ; t[0] ;
; N/A   ; None              ; 11.977 ns       ; b[3]  ; t[4] ;
; N/A   ; None              ; 11.964 ns       ; b[0]  ; t[1] ;
; N/A   ; None              ; 11.955 ns       ; b[0]  ; t[2] ;
; N/A   ; None              ; 11.862 ns       ; b[4]  ; t[5] ;
; N/A   ; None              ; 11.858 ns       ; a[2]  ; t[3] ;
; N/A   ; None              ; 11.845 ns       ; a[4]  ; t[5] ;
; N/A   ; None              ; 11.845 ns       ; b[4]  ; t[4] ;
; N/A   ; None              ; 11.833 ns       ; a[4]  ; t[4] ;
; N/A   ; None              ; 11.831 ns       ; a[1]  ; t[3] ;
; N/A   ; None              ; 11.798 ns       ; b[1]  ; t[5] ;
; N/A   ; None              ; 11.734 ns       ; b[2]  ; t[5] ;
; N/A   ; None              ; 11.677 ns       ; b[3]  ; t[5] ;
; N/A   ; None              ; 11.677 ns       ; a[1]  ; t[2] ;
; N/A   ; None              ; 11.648 ns       ; a[3]  ; t[3] ;
; N/A   ; None              ; 11.519 ns       ; b[1]  ; t[3] ;
; N/A   ; None              ; 11.515 ns       ; b[5]  ; t[5] ;
; N/A   ; None              ; 11.455 ns       ; b[2]  ; t[3] ;
; N/A   ; None              ; 11.415 ns       ; au_en ; t[7] ;
; N/A   ; None              ; 11.389 ns       ; a[2]  ; t[2] ;
; N/A   ; None              ; 11.369 ns       ; a[1]  ; t[1] ;
; N/A   ; None              ; 11.365 ns       ; b[1]  ; t[2] ;
; N/A   ; None              ; 11.271 ns       ; b[6]  ; t[6] ;
; N/A   ; None              ; 11.083 ns       ; b[3]  ; t[3] ;
; N/A   ; None              ; 11.062 ns       ; b[1]  ; t[1] ;
; N/A   ; None              ; 10.989 ns       ; b[2]  ; t[2] ;
; N/A   ; None              ; 10.916 ns       ; au_en ; t[4] ;
; N/A   ; None              ; 10.867 ns       ; ac[3] ; gf   ;
; N/A   ; None              ; 10.741 ns       ; ac[1] ; gf   ;
; N/A   ; None              ; 10.714 ns       ; au_en ; t[6] ;
; N/A   ; None              ; 10.699 ns       ; au_en ; t[0] ;
; N/A   ; None              ; 10.668 ns       ; ac[2] ; gf   ;
; N/A   ; None              ; 10.667 ns       ; au_en ; t[1] ;
; N/A   ; None              ; 10.584 ns       ; ac[0] ; gf   ;
; N/A   ; None              ; 10.433 ns       ; au_en ; gf   ;
; N/A   ; None              ; 10.386 ns       ; au_en ; t[5] ;
; N/A   ; None              ; 10.232 ns       ; au_en ; t[3] ;
; N/A   ; None              ; 10.228 ns       ; au_en ; t[2] ;
+-------+-------------------+-----------------+-------+------+


+--------------------------+
; Timing Analyzer Messages ;
+--------------------------+
Info: *******************************************************************
Info: Running Quartus II Classic Timing Analyzer
    Info: Version 9.0 Build 184 04/29/2009 Service Pack 1 SJ Web Edition
    Info: Processing started: Sat Nov 23 21:51:23 2024
Info: Command: quartus_tan --read_settings_files=off --write_settings_files=off au -c au --timing_analysis_only
Info: Longest tpd from source pin "ac[0]" to destination pin "t[7]" is 14.481 ns
    Info: 1: + IC(0.000 ns) + CELL(0.840 ns) = 0.840 ns; Loc. = PIN_58; Fanout = 3; PIN Node = 'ac[0]'
    Info: 2: + IC(5.273 ns) + CELL(0.398 ns) = 6.511 ns; Loc. = LCCOMB_X12_Y12_N28; Fanout = 9; COMB Node = 'Equal0~1'
    Info: 3: + IC(0.484 ns) + CELL(0.420 ns) = 7.415 ns; Loc. = LCCOMB_X13_Y12_N12; Fanout = 2; COMB Node = 'Add0~7'
    Info: 4: + IC(0.265 ns) + CELL(0.414 ns) = 8.094 ns; Loc. = LCCOMB_X13_Y12_N18; Fanout = 2; COMB Node = 'Add0~9'
    Info: 5: + IC(0.000 ns) + CELL(0.071 ns) = 8.165 ns; Loc. = LCCOMB_X13_Y12_N20; Fanout = 2; COMB Node = 'Add0~13'
    Info: 6: + IC(0.000 ns) + CELL(0.071 ns) = 8.236 ns; Loc. = LCCOMB_X13_Y12_N22; Fanout = 2; COMB Node = 'Add0~17'
    Info: 7: + IC(0.000 ns) + CELL(0.071 ns) = 8.307 ns; Loc. = LCCOMB_X13_Y12_N24; Fanout = 2; COMB Node = 'Add0~21'
    Info: 8: + IC(0.000 ns) + CELL(0.071 ns) = 8.378 ns; Loc. = LCCOMB_X13_Y12_N26; Fanout = 2; COMB Node = 'Add0~25'
    Info: 9: + IC(0.000 ns) + CELL(0.071 ns) = 8.449 ns; Loc. = LCCOMB_X13_Y12_N28; Fanout = 1; COMB Node = 'Add0~29'
    Info: 10: + IC(0.000 ns) + CELL(0.410 ns) = 8.859 ns; Loc. = LCCOMB_X13_Y12_N30; Fanout = 1; COMB Node = 'Add0~32'
    Info: 11: + IC(0.427 ns) + CELL(0.150 ns) = 9.436 ns; Loc. = LCCOMB_X12_Y12_N26; Fanout = 1; COMB Node = 'Add0~34'
    Info: 12: + IC(2.237 ns) + CELL(2.808 ns) = 14.481 ns; Loc. = PIN_70; Fanout = 0; PIN Node = 't[7]'
    Info: Total cell delay = 5.795 ns ( 40.02 % )
    Info: Total interconnect delay = 8.686 ns ( 59.98 % )
Info: Quartus II Classic Timing Analyzer was successful. 0 errors, 0 warnings
    Info: Peak virtual memory: 195 megabytes
    Info: Processing ended: Sat Nov 23 21:51:25 2024
    Info: Elapsed time: 00:00:02
    Info: Total CPU time (on all processors): 00:00:00


